{:ok,
 %{
   data: %{
     "copyScreens" => [
       %{
         "id" => "scrubbed",
         "lastEdited" => "scrubbed",
         "name" => "Copy of screen2"
       },
       %{
         "id" => "scrubbed",
         "lastEdited" => "scrubbed",
         "name" => "Copy of screen3"
       }
     ]
   }
 }}