{:ok,
 %{
   data: %{
     "copyScreens" => [
       %{
         "id" => "scrubbed",
         "lastEdited" => "scrubbed",
         "name" => "Copy of some name 0"
       }
     ]
   }
 }}