{:ok, %{data: %{"addSmartObjectClass" => %{"id" => "scrubbed"}}}}