{:ok,
 %{
   data: %{
     "updateSmartObjectInstancesInScreen" => [
       %{"classId" => "scrubbed", "id" => "scrubbed"}
     ]
   }
 }}