{:ok,
 %{data: %{"createOrUpdateVariable" => %{"id" => "scrubbed", "name" => "name"}}}}