{:ok,
 %{
   data: %{
     "deleteScreens" => [%{"id" => "scrubbed", "name" => "Deleted screen"}]
   }
 }}