{:ok,
 %{data: %{"moveScreens" => [%{"id" => "scrubbed", "name" => "some name 1"}]}}}