{:ok,
 %{
   data: nil,
   errors: [
     %{
       code: :invalid_argument,
       locations: [%{column: 3, line: 6}],
       message: "Invalid arguments passed",
       path: ["moveScreens"],
       status_code: 400
     }
   ]
 }}